D, [2011-04-20T13:26:52.537526 #25484] DEBUG -- : Transported 10 items from john to 1 destination
D, [2011-04-20T13:26:52.628132 #25484] DEBUG -- : Transported 0 items from john to 1 destination
D, [2011-04-20T13:26:52.741420 #25484] DEBUG -- : Transported 10 items from john to 1 destination
D, [2011-04-20T13:26:52.743730 #25484] DEBUG -- : Transported 10 items from kate to 1 destination
D, [2011-04-20T13:26:52.834233 #25484] DEBUG -- : Transported 0 items from john to 1 destination
D, [2011-04-20T13:26:52.834458 #25484] DEBUG -- : Transported 0 items from kate to 1 destination
D, [2011-04-20T13:26:52.925015 #25484] DEBUG -- : Transported 0 items from john to 1 destination
D, [2011-04-20T13:26:52.925370 #25484] DEBUG -- : Transported 0 items from kate to 1 destination
D, [2011-04-20T13:26:53.015747 #25484] DEBUG -- : Transported 0 items from john to 1 destination
D, [2011-04-20T13:26:53.015932 #25484] DEBUG -- : Transported 0 items from kate to 1 destination
D, [2011-04-20T13:26:53.106418 #25484] DEBUG -- : Transported 0 items from john to 1 destination
D, [2011-04-20T13:26:53.106613 #25484] DEBUG -- : Transported 0 items from kate to 1 destination
D, [2011-04-20T13:26:53.249478 #25484] DEBUG -- : Transported 10 items from john to 2 destinations
D, [2011-04-20T13:26:53.339883 #25484] DEBUG -- : Transported 0 items from john to 2 destinations
D, [2011-04-20T13:26:53.430302 #25484] DEBUG -- : Transported 0 items from john to 2 destinations
D, [2011-04-20T13:26:53.520888 #25484] DEBUG -- : Transported 0 items from john to 2 destinations
D, [2011-04-20T13:26:53.611386 #25484] DEBUG -- : Transported 0 items from john to 2 destinations
